('{"y": 0.0, "x": 0.0, "yaw": 0.0}', 'poseData')
('{"y": 0.0, "x": 0.0, "yaw": 0.0}', 'poseData')
('{"y": 0.0, "x": 0.0, "yaw": 0.0}', 'poseData')
('{"y": 0.0, "x": 0.0, "yaw": 0.0}', 'poseData')
('{"y": 0.0, "x": 0.0, "yaw": 0.0}', 'poseData')
('{"y": 0.0, "x": 0.0, "yaw": 0.0}', 'poseData')
('{"y": 0.0, "x": 0.0, "yaw": 0.0}', 'poseData')
('{"y": 0.0, "x": 0.0, "yaw": 0.0}', 'poseData')
('{"y": 0.0, "x": 0.0, "yaw": 0.0}', 'poseData')
('{"y": 0.0, "x": 0.0, "yaw": 0.0}', 'poseData')
('{"y": 0.0, "x": 0.0, "yaw": 0.0}', 'poseData')
('{"y": 0.0, "x": 0.0, "yaw": 0.0}', 'poseData')
('{"y": 0.0, "x": 0.0, "yaw": 0.0}', 'poseData')
('{"y": 0.0, "x": 0.0, "yaw": 0.0}', 'poseData')
('{"y": 0.0, "x": 0.0, "yaw": 0.0}', 'poseData')
('{"y": 0.0, "x": 0.0, "yaw": 0.0}', 'poseData')
('{"y": 0.0, "x": 0.0, "yaw": 0.0}', 'poseData')
('{"y": 0.0, "x": 0.0, "yaw": 0.0}', 'poseData')
('{"y": 0.0, "x": 0.0, "yaw": 0.0}', 'poseData')
('{"y": 0.0, "x": 0.0, "yaw": 0.0}', 'poseData')
('{"y": 0.0, "x": 0.0, "yaw": 0.0}', 'poseData')
('{"y": 0.0, "x": 0.0, "yaw": 0.0}', 'poseData')
('{"y": 0.0, "x": 0.0, "yaw": 0.0}', 'poseData')
('{"y": 0.0, "x": 0.0, "yaw": 234.03}', 'poseData')
('{"y": 0.0, "x": 0.0, "yaw": 232.76}', 'poseData')
('{"y": 0.0, "x": 0.0, "yaw": 231.54}', 'poseData')
('{"y": 0.0, "x": 0.0, "yaw": 230.33}', 'poseData')
('{"y": 0.0, "x": 0.0, "yaw": 229.13}', 'poseData')
('{"y": 0.0, "x": 0.0, "yaw": 227.9}', 'poseData')
('{"y": 0.0, "x": 0.0, "yaw": 226.64}', 'poseData')
('{"y": 0.0, "x": 0.0, "yaw": 225.35}', 'poseData')
('{"y": 0.0, "x": 0.0, "yaw": 224.0}', 'poseData')
('{"y": 0.0, "x": 0.0, "yaw": 222.61}', 'poseData')
('{"y": 0.0, "x": 0.0, "yaw": 221.16}', 'poseData')
('{"y": 0.0, "x": 0.0, "yaw": 219.66}', 'poseData')
('{"y": 0.0, "x": 0.0, "yaw": 218.11}', 'poseData')
('{"y": 0.0, "x": 0.0, "yaw": 215.96}', 'poseData')
('{"y": 0.0, "x": 0.0, "yaw": 214.01}', 'poseData')
('{"y": 0.0, "x": 0.0, "yaw": 212.02}', 'poseData')
('{"y": 0.0, "x": 0.0, "yaw": 209.97}', 'poseData')
('{"y": 0.0, "x": 0.0, "yaw": 208.19}', 'poseData')
('{"y": 0.0, "x": 0.0, "yaw": 206.08}', 'poseData')
('{"y": 0.0, "x": 0.0, "yaw": 204.27}', 'poseData')
('{"y": 0.0, "x": 0.0, "yaw": 202.14}', 'poseData')
('{"y": 0.0, "x": 0.0, "yaw": 200.03}', 'poseData')
('{"y": 0.0, "x": 0.0, "yaw": 197.63}', 'poseData')
('{"y": 0.0, "x": 0.0, "yaw": 196.15}', 'poseData')
('{"y": 0.0, "x": 0.0, "yaw": 194.39}', 'poseData')
('{"y": 0.0, "x": 0.0, "yaw": 194.51}', 'poseData')
('{"y": 0.0, "x": 0.0, "yaw": 195.24}', 'poseData')
('{"y": 0.0, "x": 0.0, "yaw": 195.78}', 'poseData')
('{"y": 0.0, "x": 0.0, "yaw": 196.17}', 'poseData')
('{"y": 0.0, "x": 0.0, "yaw": 196.46}', 'poseData')
('{"y": 0.0, "x": 0.0, "yaw": 196.66}', 'poseData')
('{"y": 0.0, "x": 0.0, "yaw": 196.83}', 'poseData')
('{"y": 0.0, "x": 0.0, "yaw": 196.95}', 'poseData')
('{"y": 0.0, "x": 0.0, "yaw": 197.02}', 'poseData')
('{"y": 0.0, "x": 0.0, "yaw": 197.07}', 'poseData')
('{"y": 0.0, "x": 0.0, "yaw": 197.1}', 'poseData')
('{"y": 0.0, "x": 0.0, "yaw": 197.12}', 'poseData')
('{"y": 40.37632988651453, "x": -131.0824838980989, "tag": "right"}', 'vizFeed')
('{"y": -38.880910261088076, "x": 126.22757708705821, "tag": "left"}', 'vizFeed'                                                                                                                           )
('{"y": 0.0, "x": 0.0, "yaw": 0.95}', 'poseData')
('{"y": -2.2740947206245927, "x": 137.14114660889206, "tag": "right"}', 'vizFeed                                                                                                                           ')
('{"y": 0.0, "x": 0.0, "yaw": 0.96}', 'poseData')
('{"y": 1.4043518691580175, "x": -83.80823465404572, "tag": "left"}', 'vizFeed')
('{"y": 0.0, "x": 0.0, "yaw": 0.96}', 'poseData')
('{"y": -2.298030331349483, "x": 137.1407476157112, "tag": "right"}', 'vizFeed')
('{"y": 0.0, "x": 0.0, "yaw": 0.96}', 'poseData')
('{"y": 2.2129180968550584, "x": -132.06146066698116, "tag": "left"}', 'vizFeed'                                                                                                                           )
('{"y": -2.298030331349483, "x": 137.1407476157112, "tag": "right"}', 'vizFeed')
('{"y": 0.0, "x": 0.0, "yaw": 0.96}', 'poseData')
('{"y": 2.1703619796078453, "x": -129.5218171926161, "tag": "left"}', 'vizFeed')
('{"y": 0.0, "x": 0.0, "yaw": 0.96}', 'poseData')
('{"y": -2.298030331349483, "x": 137.1407476157112, "tag": "right"}', 'vizFeed')
('{"y": 0.0, "x": 0.0, "yaw": 0.96}', 'poseData')
('{"y": 2.1278058623606326, "x": -126.9821737182511, "tag": "left"}', 'vizFeed')
('{"y": 0.0, "x": 0.0, "yaw": 0.96}', 'poseData')
('{"y": -2.255474214102271, "x": 134.60110414134618, "tag": "right"}', 'vizFeed'                                                                                                                           )
('{"y": -2.298030331349483, "x": 137.1407476157112, "tag": "right"}', 'vizFeed')
('{"y": 0.0, "x": 0.0, "yaw": 0.96}', 'poseData')
('{"y": 2.1278058623606326, "x": -126.9821737182511, "tag": "left"}', 'vizFeed')
('{"y": 0.21996911982689168, "x": 0.003685962911175899, "yaw": 0.96}', 'poseData                                                                                                                           ')
('{"y": -1.8227245080393157, "x": 121.90657273243224, "tag": "right"}', 'vizFeed                                                                                                                           ')
('{"y": 8.488808306046865, "x": 0.14224465961765173, "yaw": 0.96}', 'poseData')
('{"y": 10.616614168407498, "x": -126.83992905863346, "tag": "left"}', 'vizFeed'                                                                                                                           )
('{"y": 21.756945670150742, "x": 0.3645752406690344, "yaw": 0.96}', 'poseData')
('{"y": 20.012144863015024, "x": 104.48995768963495, "tag": "right"}', 'vizFeed'                                                                                                                           )
('{"y": 36.34489775321597, "x": 0.6090215991874725, "yaw": 0.96}', 'poseData')
('{"y": 38.4727036155766, "x": -126.37315211906363, "tag": "left"}', 'vizFeed')
('{"y": 50.84387656576458, "x": 0.7811070235162624, "yaw": 0.68}', 'poseData')
('{"y": 49.216067131217216, "x": 137.93144729449335, "tag": "right"}', 'vizFeed'                                                                                                                           )
('{"y": 52.35110752367881, "x": -126.20994878294401, "tag": "left"}', 'vizFeed')
('{"y": 65.87786519282444, "x": 0.35591769929134875, "yaw": 358.38}', 'poseData'                                                                                                                           )
('{"y": 69.75545613103516, "x": 137.46109589660054, "tag": "right"}', 'vizFeed')
('{"y": 83.44208280325344, "x": -0.09481474184847144, "yaw": 358.53}', 'poseData                                                                                                                           ')
('{"y": 80.11892512395622, "x": -129.59218237161355, "tag": "left"}', 'vizFeed')
('{"y": 94.55904178289308, "x": -0.35485905539872636, "yaw": 358.66}', 'poseData                                                                                                                           ')
('{"y": 97.70716817589086, "x": 134.22832600207312, "tag": "right"}', 'vizFeed')
('{"y": 103.50563899854046, "x": -0.6016347855072641, "yaw": 358.42}', 'poseData                                                                                                                           ')
('{"y": 100.28404388056487, "x": -117.39721229123235, "tag": "left"}', 'vizFeed'                                                                                                                           )
('{"y": 118.07205989755963, "x": -0.9245623201298121, "yaw": 358.73}', 'poseData                                                                                                                           ')
('{"y": 121.16835204490143, "x": 138.74112056202384, "tag": "right"}', 'vizFeed'                                                                                                                           )
('{"y": 133.68752943081614, "x": -1.3007421387511244, "yaw": 358.62}', 'poseData                                                                                                                           ')
('{"y": 130.56778975705143, "x": -130.80317000930472, "tag": "left"}', 'vizFeed'                                                                                                                           )
('{"y": 153.8834607163808, "x": -1.7061549021796205, "yaw": 358.85}', 'poseData'                                                                                                                           )
('{"y": 156.63625351993784, "x": 135.42621812396135, "tag": "right"}', 'vizFeed'                                                                                                                           )
('{"y": 164.53146220455906, "x": -1.9124660937164384, "yaw": 358.89}', 'poseData                                                                                                                           ')
('{"y": 162.169634930177, "x": -123.8095873555657, "tag": "left"}', 'vizFeed')
('{"y": 177.94784676557964, "x": -2.223954955169504, "yaw": 358.67}', 'poseData'                                                                                                                           )
('{"y": 181.19039474955827, "x": 137.43840891774934, "tag": "right"}', 'vizFeed'                                                                                                                           )
('{"y": 195.24275604637603, "x": -2.6436131125096445, "yaw": 358.61}', 'poseData                                                                                                                           ')
('{"y": 192.28525763349106, "x": -124.5277367838795, "tag": "left"}', 'vizFeed')
('{"y": 210.4550780898249, "x": -3.126994997150867, "yaw": 358.18}', 'poseData')
('{"y": 214.97257081461908, "x": 139.04124990824786, "tag": "right"}', 'vizFeed'                                                                                                                           )
('{"y": 229.16822845381284, "x": -3.633357964573884, "yaw": 358.45}', 'poseData'                                                                                                                           )
('{"y": 225.73296686926565, "x": -130.58688874590243, "tag": "left"}', 'vizFeed'                                                                                                                           )
('{"y": 241.26136435285702, "x": -4.040867629796155, "yaw": 358.07}', 'poseData'                                                                                                                           )
('{"y": 245.96624866951413, "x": 135.5798832046227, "tag": "right"}', 'vizFeed')
('{"y": 256.5244843589227, "x": -4.499199038755406, "yaw": 358.28}', 'poseData')
('{"y": 252.9412752167121, "x": -123.82541163365501, "tag": "left"}', 'vizFeed')
('{"y": 271.66894098362445, "x": -4.908995991557687, "yaw": 358.45}', 'poseData'                                                                                                                           )
('{"y": 275.5164339583173, "x": 137.27895848353032, "tag": "right"}', 'vizFeed')
('{"y": 286.35527535543196, "x": -5.23714644404128, "yaw": 358.72}', 'poseData')
('{"y": 283.5183041188481, "x": -132.2054558531328, "tag": "left"}', 'vizFeed')
('{"y": 283.5750435435798, "x": -129.66608966495096, "tag": "left"}', 'vizFeed')
('{"y": 302.02092583694804, "x": -5.60632795898396, "yaw": 358.65}', 'poseData')
('{"y": 305.37206678688085, "x": 136.59419051522445, "tag": "right"}', 'vizFeed'                                                                                                                           )
('{"y": 322.3383063588795, "x": -5.932592770203088, "yaw": 359.08}', 'poseData')
('{"y": 320.3807174915647, "x": -127.83687590179188, "tag": "left"}', 'vizFeed')
('{"y": 334.65362230265333, "x": -6.272288523827354, "yaw": 358.42}', 'poseData'                                                                                                                           )
('{"y": 338.15535612653986, "x": 120.67942615630861, "tag": "right"}', 'vizFeed'                                                                                                                           )
('{"y": 349.8605586815364, "x": -6.57755229272574, "yaw": 358.85}', 'poseData')
('{"y": 347.51558703406187, "x": -123.3940182038829, "tag": "left"}', 'vizFeed')
('{"y": 365.139142788024, "x": -6.785561189134783, "yaw": 359.22}', 'poseData')
('{"y": 367.07547691271134, "x": 135.44125839900607, "tag": "right"}', 'vizFeed'                                                                                                                           )
('{"y": 363.4102730338389, "x": -133.77379296426056, "tag": "left"}', 'vizFeed')
('{"y": 379.74734038858105, "x": -7.015045095060472, "yaw": 359.1}', 'poseData')
('{"y": 381.9416526170423, "x": 132.66772046262753, "tag": "right"}', 'vizFeed')
('{"y": 409.37245936230624, "x": -7.552842261870529, "yaw": 358.96}', 'poseData'                                                                                                                           )
('{"y": 407.20566132741646, "x": -126.91317648675445, "tag": "left"}', 'vizFeed'                                                                                                                           )
('{"y": 424.96027108094825, "x": -7.81404299725795, "yaw": 359.04}', 'poseData')
('{"y": 427.3859697640394, "x": 136.94563504154831, "tag": "right"}', 'vizFeed')
('{"y": 445.49750687024203, "x": -8.151009071145928, "yaw": 359.06}', 'poseData'                                                                                                                           )
('{"y": 443.497365500796, "x": -124.97528509943623, "tag": "left"}', 'vizFeed')
('{"y": 454.94600944406244, "x": -8.319232471745961, "yaw": 358.98}', 'poseData'                                                                                                                           )
('{"y": 457.5232987497633, "x": 136.43782600843565, "tag": "right"}', 'vizFeed')
('{"y": 470.4848496885859, "x": -8.509084664725695, "yaw": 359.3}', 'poseData')
('{"y": 469.0574153109957, "x": -125.3403648558529, "tag": "left"}', 'vizFeed')
('{"y": 485.56268866664334, "x": -8.764372251127366, "yaw": 359.03}', 'poseData'                                                                                                                           )
('{"y": 488.0136526427199, "x": 135.9948802185783, "tag": "right"}', 'vizFeed')
('{"y": 483.49871900257887, "x": -130.66690064666895, "tag": "left"}', 'vizFeed'                                                                                                                           )
('{"y": 500.58107451078956, "x": -8.984569063882859, "yaw": 359.16}', 'poseData'                                                                                                                           )
('{"y": 502.7780581565644, "x": 140.85932591639386, "tag": "right"}', 'vizFeed')
('{"y": 515.7194084896761, "x": -9.209167246621318, "yaw": 359.15}', 'poseData')
('{"y": 513.9484355005534, "x": -128.57603054909652, "tag": "left"}', 'vizFeed')
('{"y": 530.7388134688632, "x": -9.34286119251563, "yaw": 359.49}', 'poseData')
('{"y": 532.0275091736953, "x": 135.4314033139233, "tag": "right"}', 'vizFeed')
('{"y": 545.7184840092729, "x": -9.442211586502168, "yaw": 359.62}', 'poseData')
('{"y": 544.943577464988, "x": -88.18047983428924, "tag": "left"}', 'vizFeed')
('{"y": 546.6955400868494, "x": 137.87454836097044, "tag": "right"}', 'vizFeed')
('{"y": 561.0283811749639, "x": -9.498325541647173, "yaw": 359.79}', 'poseData')
('{"y": 560.6094507325685, "x": -123.79755781065427, "tag": "left"}', 'vizFeed')
('{"y": 561.5590264019982, "x": 135.28070199909516, "tag": "right"}', 'vizFeed')
('{"y": 583.3875297746788, "x": -9.693450875390807, "yaw": 359.5}', 'poseData')
('{"y": 582.345755966883, "x": -129.06890525079157, "tag": "left"}', 'vizFeed')
('{"y": 599.1568550834328, "x": -9.83932515924269, "yaw": 359.47}', 'poseData')
('{"y": 600.4725911731659, "x": 132.3945893567481, "tag": "right"}', 'vizFeed')
('{"y": 615.3565528277379, "x": -9.938284712371692, "yaw": 359.65}', 'poseData')
('{"y": 614.642822322331, "x": -126.7761047398168, "tag": "left"}', 'vizFeed')
('{"y": 629.3960804546707, "x": -10.053454207416506, "yaw": 359.53}', 'poseData'                                                                                                                           )
('{"y": 630.3961847877094, "x": 111.86244381791502, "tag": "right"}', 'vizFeed')
('{"y": 649.6956339907398, "x": -10.18808791889359, "yaw": 359.62}', 'poseData')
('{"y": 628.4376471355087, "x": -126.88952314835923, "tag": "left"}', 'vizFeed')
('{"y": 650.5042321239066, "x": 111.72923065832512, "tag": "right"}', 'vizFeed')
('{"y": 665.3654332715919, "x": -10.267400577448058, "yaw": 359.71}', 'poseData'                                                                                                                           )
('{"y": 664.735487293054, "x": -134.7258063524865, "tag": "left"}', 'vizFeed')
('{"y": 679.7552851114162, "x": -10.332700101972168, "yaw": 359.74}', 'poseData'                                                                                                                           )
('{"y": 680.4122736562808, "x": 134.4458092357466, "tag": "right"}', 'vizFeed')
('{"y": 696.7442903996399, "x": -10.516546006765658, "yaw": 359.38}', 'poseData'                                                                                                                           )
('{"y": 695.5074695098285, "x": -124.80985409646323, "tag": "left"}', 'vizFeed')
('{"y": 698.3384151020635, "x": 136.7948288644001, "tag": "right"}', 'vizFeed')
('{"y": 713.2542177272677, "x": -10.56553209100694, "yaw": 359.83}', 'poseData')
('{"y": 712.9000106566, "x": -129.945006613854, "tag": "left"}', 'vizFeed')
('{"y": 728.8941834249218, "x": -10.598288406460812, "yaw": 359.88}', 'poseData'                                                                                                                           )
('{"y": 729.197409726163, "x": 134.18139405558298, "tag": "right"}', 'vizFeed')
('{"y": 744.2240704162626, "x": -10.539425576748823, "yaw": 0.22}', 'poseData')
('{"y": 744.672702707427, "x": -127.37856426352333, "tag": "left"}', 'vizFeed')
('{"y": 759.4540033780901, "x": -10.494237323387544, "yaw": 0.17}', 'poseData')
('{"y": 759.0244331008973, "x": 134.28512539580996, "tag": "right"}', 'vizFeed')
('{"y": 774.7240031455146, "x": -10.496902441141813, "yaw": 359.99}', 'poseData'                                                                                                                           )
('{"y": 774.7036107186378, "x": -127.33690066156686, "tag": "left"}', 'vizFeed')
('{"y": 774.7492720222967, "x": 134.28309535373268, "tag": "right"}', 'vizFeed')
('{"y": 790.3039879585109, "x": -10.47514866441331, "yaw": 0.08}', 'poseData')
('{"y": 790.1018370089118, "x": 134.30471020757753, "tag": "right"}', 'vizFeed')
('{"y": 805.2639651731337, "x": -10.44903855205947, "yaw": 0.1}', 'poseData')
('{"y": 805.4678893394052, "x": -127.288860594608, "tag": "left"}', 'vizFeed')
('{"y": 819.4937828991405, "x": -10.521062746777408, "yaw": 359.71}', 'poseData'                                                                                                                           )
('{"y": 820.2265772007049, "x": 134.25708274663467, "tag": "right"}', 'vizFeed')
('{"y": 850.2233616599038, "x": -10.68196391531693, "yaw": 359.7}', 'poseData')
('{"y": 849.6248909939726, "x": -124.9803971191978, "tag": "left"}', 'vizFeed')
('{"y": 863.3633518533564, "x": -10.698017449783123, "yaw": 359.93}', 'poseData'                                                                                                                           )
('{"y": 863.2206049000056, "x": -127.53793025062062, "tag": "left"}', 'vizFeed')
('{"y": 863.2175017053676, "x": -130.07792835498665, "tag": "left"}', 'vizFeed')
('{"y": 881.4517604358795, "x": -10.937965260169445, "yaw": 359.24}', 'poseData'                                                                                                                           )
('{"y": 883.4058296136635, "x": 136.36907467223986, "tag": "right"}', 'vizFeed')
('{"y": 896.5203995775815, "x": -11.140485424997363, "yaw": 359.23}', 'poseData'                                                                                                                           )
('{"y": 894.88196172119, "x": -133.04947574724858, "tag": "left"}', 'vizFeed')
('{"y": 917.6593534711986, "x": -11.350790640172589, "yaw": 359.43}', 'poseData'                                                                                                                           )
('{"y": 919.1249241570839, "x": 135.96191927504373, "tag": "right"}', 'vizFeed')
('{"y": 934.497910747545, "x": -11.571219429594034, "yaw": 359.25}', 'poseData')
('{"y": 932.9352748282379, "x": -130.94099185537897, "tag": "left"}', 'vizFeed')
('{"y": 952.6357712153343, "x": -11.849818875043683, "yaw": 359.12}', 'poseData'                                                                                                                           )
('{"y": 954.2741939739103, "x": 94.81759869407244, "tag": "right"}', 'vizFeed')
('{"y": 968.3743126967554, "x": -12.06408981938127, "yaw": 359.22}', 'poseData')
('{"y": 966.7837525229052, "x": -128.893263052497, "tag": "left"}', 'vizFeed')
('{"y": 984.231750038609, "x": -12.349187958954161, "yaw": 358.97}', 'poseData')
('{"y": 982.0401255003538, "x": -134.24948813037832, "tag": "left"}', 'vizFeed')
('{"y": 984.9622915513607, "x": 28.284245431520567, "tag": "right"}', 'vizFeed')
('{"y": 999.9101831663107, "x": -12.570851352830518, "yaw": 359.19}', 'poseData'                                                                                                                           )
('{"y": 998.258451601227, "x": -129.39917575593452, "tag": "left"}', 'vizFeed')
('{"y": 1018.4984161057599, "x": -12.82716403058636, "yaw": 359.21}', 'poseData'                                                                                                                           )
('{"y": 1016.607300082038, "x": -149.97412637458007, "tag": "left"}', 'vizFeed')
('{"y": 1026.1380641078035, "x": -12.900501639439101, "yaw": 359.45}', 'poseData                                                                                                                           ')
('{"y": 1024.8702065976897, "x": -144.9744163135111, "tag": "left"}', 'vizFeed')
('{"y": 1036.1171393291875, "x": -13.036360853193175, "yaw": 359.22}', 'poseData                                                                                                                           ')
('{"y": 1038.2955152194606, "x": 146.9688111834653, "tag": "right"}', 'vizFeed')
('{"y": 1049.3471103125612, "x": -13.06406968014041, "yaw": 359.88}', 'poseData'                                                                                                                           )
('{"y": 1049.0598432903328, "x": -150.22376885470825, "tag": "left"}', 'vizFeed'                                                                                                                           )
('{"y": 1062.857097143343, "x": -13.082933192566733, "yaw": 359.92}', 'poseData'                                                                                                                           )
('{"y": 1062.6584927016318, "x": -155.32279454048756, "tag": "left"}', 'vizFeed'                                                                                                                           )
('{"y": 1073.1570212144982, "x": -13.12248225623494, "yaw": 359.78}', 'poseData'                                                                                                                           )
('{"y": 1072.6693774197543, "x": -140.12154604620721, "tag": "left"}', 'vizFeed'                                                                                                                           )
('{"y": 1085.6370195037669, "x": -13.115947743814052, "yaw": 0.03}', 'poseData')
('{"y": 1085.700856663571, "x": -135.03593103128432, "tag": "left"}', 'vizFeed')
('{"y": 1085.700856663571, "x": -135.03593103128432, "tag": "left"}', 'vizFeed')
('{"y": 1090.7070132489064, "x": -13.123911677915862, "yaw": 359.91}', 'poseData                                                                                                                           ')
('{"y": 1090.5155018394996, "x": -135.04376126517573, "tag": "left"}', 'vizFeed'                                                                                                                           )
('{"y": 1090.7070132489064, "x": -13.123911677915862, "yaw": 359.78}', 'poseData                                                                                                                           ')
('{"y": 1090.2388752059521, "x": -135.04301291628926, "tag": "left"}', 'vizFeed'                                                                                                                           )
('{"y": 1090.2388752059521, "x": -135.04301291628926, "tag": "left"}', 'vizFeed'                                                                                                                           )
('{"y": 1090.7070132489064, "x": -13.123911677915862, "yaw": 0.06}', 'poseData')
('{"y": 1090.834687551013, "x": -135.0438448278015, "tag": "left"}', 'vizFeed')
('{"y": 1090.7070132489064, "x": -13.123911677915862, "yaw": 0.06}', 'poseData')
('{"y": 1090.834687551013, "x": -135.0438448278015, "tag": "left"}', 'vizFeed')
('{"y": 1090.834687551013, "x": -135.0438448278015, "tag": "left"}', 'vizFeed')
('{"y": 1090.7070132489064, "x": -13.123911677915862, "yaw": 0.06}', 'poseData')
('{"y": 1090.834687551013, "x": -135.0438448278015, "tag": "left"}', 'vizFeed')
('{"y": 1090.7070132489064, "x": -13.123911677915862, "yaw": 3.11}', 'poseData')
('{"y": 1097.3215499434496, "x": -134.86434992386822, "tag": "left"}', 'vizFeed'                                                                                                                           )
('{"y": 1097.3215499434496, "x": -134.86434992386822, "tag": "left"}', 'vizFeed'                                                                                                                           )
('{"y": 1090.7070132489064, "x": -13.123911677915862, "yaw": 14.62}', 'poseData'                                                                                                                           )
('{"y": 1121.480491404607, "x": -131.09627896026134, "tag": "left"}', 'vizFeed')
('{"y": 1090.7070132489064, "x": -13.123911677915862, "yaw": 41.83}', 'poseData'                                                                                                                           )
('{"y": 1172.0182299527978, "x": -103.9697835606427, "tag": "left"}', 'vizFeed')
('{"y": 1090.7070132489064, "x": -13.123911677915862, "yaw": 75.29}', 'poseData'                                                                                                                           )
('{"y": 1208.6308961421362, "x": -44.08266235335182, "tag": "left"}', 'vizFeed')
('{"y": 1090.7070132489064, "x": -13.123911677915862, "yaw": 97.43}', 'poseData'                                                                                                                           )
('{"y": 1327.4622862142644, "x": 17.75129395862625, "tag": "left"}', 'vizFeed')
('{"y": 1209.0846497315854, "x": 2.3136911403551927, "tag": "left"}', 'vizFeed')
('{"y": 1090.7070132489064, "x": -13.123911677915862, "yaw": 98.7}', 'poseData')
('{"y": 1261.4396773785022, "x": 13.001857195183844, "tag": "left"}', 'vizFeed')
('{"y": 1090.7070132489064, "x": -13.123911677915862, "yaw": 98.7}', 'poseData')
('{"y": 1228.7996092360795, "x": 8.007224910620662, "tag": "left"}', 'vizFeed')
('{"y": 1090.7070132489064, "x": -13.123911677915862, "yaw": 98.7}', 'poseData')
('{"y": 1261.4396773785022, "x": 13.001857195183844, "tag": "left"}', 'vizFeed')
('{"y": 1228.7996092360795, "x": 8.007224910620662, "tag": "left"}', 'vizFeed')
('{"y": 1090.7070132489064, "x": -13.123911677915862, "yaw": 98.7}', 'poseData')
('{"y": 1228.7996092360795, "x": 8.007224910620662, "tag": "left"}', 'vizFeed')
('{"y": 1090.7070132489064, "x": -13.123911677915862, "yaw": 98.7}', 'poseData')
('{"y": 1228.7996092360795, "x": 8.007224910620662, "tag": "left"}', 'vizFeed')
('{"y": 1228.7996092360795, "x": 8.007224910620662, "tag": "left"}', 'vizFeed')
('{"y": 1090.7070132489064, "x": -13.123911677915862, "yaw": 98.71}', 'poseData'                                                                                                                           )
('{"y": 1228.795919053746, "x": 8.031326293378681, "tag": "left"}', 'vizFeed')
('{"y": 1090.7070132489064, "x": -13.123911677915862, "yaw": 98.71}', 'poseData'                                                                                                                           )
('{"y": 1228.795919053746, "x": 8.031326293378681, "tag": "left"}', 'vizFeed')
('{"y": 1090.7070132489064, "x": -13.123911677915862, "yaw": 98.71}', 'poseData'                                                                                                                           )
('{"y": 1228.795919053746, "x": 8.031326293378681, "tag": "left"}', 'vizFeed')
('{"y": 1090.7070132489064, "x": -13.123911677915862, "yaw": 101.14}', 'poseData                                                                                                                           ')
('{"y": 1227.7747885283761, "x": 13.867104974607509, "tag": "left"}', 'vizFeed')
('{"y": 1090.7070132489064, "x": -13.123911677915862, "yaw": 122.41}', 'poseData                                                                                                                           ')
('{"y": 972.7674685154141, "x": -87.9995004105366, "tag": "right"}', 'vizFeed')
('{"y": 1193.6360704708634, "x": 52.22205667055315, "tag": "left"}', 'vizFeed')
('{"y": 1090.7070132489064, "x": -13.123911677915862, "yaw": 156.37}', 'poseData                                                                                                                           ')
('{"y": 1034.7112321158368, "x": -141.1104832207827, "tag": "right"}', 'vizFeed'                                                                                                                           )
('{"y": 1090.7070132489064, "x": -13.123911677915862, "yaw": 186.56}', 'poseData                                                                                                                           ')
('{"y": 1106.6668466166377, "x": -151.9092629181467, "tag": "right"}', 'vizFeed'                                                                                                                           )
('{"y": 1090.7070132489064, "x": -13.123911677915862, "yaw": 192.81}', 'poseData                                                                                                                           ')
('{"y": 1118.865286867926, "x": -136.9629670150607, "tag": "right"}', 'vizFeed')
('{"y": 1090.7070132489064, "x": -13.123911677915862, "yaw": 192.81}', 'poseData                                                                                                                           ')
('{"y": 1121.681114229828, "x": -149.3468725487752, "tag": "right"}', 'vizFeed')
('{"y": 1090.7070132489064, "x": -13.123911677915862, "yaw": 192.83}', 'poseData                                                                                                                           ')
('{"y": 1121.7286631254924, "x": -149.3360522489182, "tag": "right"}', 'vizFeed'                                                                                                                           )
('{"y": 1090.7070132489064, "x": -13.123911677915862, "yaw": 192.84}', 'poseData                                                                                                                           ')
('{"y": 1121.7524361562264, "x": -149.3306358750187, "tag": "right"}', 'vizFeed'                                                                                                                           )
('{"y": 1121.7524361562264, "x": -149.3306358750187, "tag": "right"}', 'vizFeed'                                                                                                                           )
('{"y": 1087.7137802976886, "x": -13.806155402507686, "yaw": 192.84}', 'poseData                                                                                                                           ')
('{"y": 1054.4105084516543, "x": 132.3065123725663, "tag": "left"}', 'vizFeed')
('{"y": 1077.943324553336, "x": -15.936459265257454, "yaw": 192.3}', 'poseData')
('{"y": 1104.4570864291195, "x": -137.53955145947035, "tag": "right"}', 'vizFeed                                                                                                                           ')
('{"y": 1060.7991757256286, "x": -19.02426770708434, "yaw": 190.21}', 'poseData'                                                                                                                           )
('{"y": 1037.8373671404242, "x": 108.46442569941519, "tag": "left"}', 'vizFeed')
('{"y": 1083.3107527699465, "x": -144.01318281149565, "tag": "right"}', 'vizFeed                                                                                                                           ')
('{"y": 1049.394954648286, "x": -20.653421358246053, "yaw": 188.13}', 'poseData'                                                                                                                           )
('{"y": 1068.4328595544832, "x": -153.9204562047624, "tag": "right"}', 'vizFeed'                                                                                                                           )
('{"y": 1030.8549883203355, "x": -22.9364125011232, "yaw": 187.02}', 'poseData')
('{"y": 1044.824254253465, "x": -136.37956835148515, "tag": "right"}', 'vizFeed'                                                                                                                           )
('{"y": 1013.7228653614205, "x": -24.77033259769842, "yaw": 186.11}', 'poseData'                                                                                                                           )
('{"y": 1001.0163429511391, "x": 93.93151527434196, "tag": "left"}', 'vizFeed')
('{"y": 996.3736938273072, "x": -26.44698016946543, "yaw": 185.52}', 'poseData')
('{"y": 1006.6355849894474, "x": -132.63227100476138, "tag": "right"}', 'vizFeed                                                                                                                           ')
('{"y": 1006.6355849894474, "x": -132.63227100476138, "tag": "right"}', 'vizFeed                                                                                                                           ')
('{"y": 976.0576398269637, "x": -28.060160213701707, "yaw": 184.54}', 'poseData'                                                                                                                           )
('{"y": 962.9891400574146, "x": 136.52180816003386, "tag": "left"}', 'vizFeed')
('{"y": 959.7336134492662, "x": -28.981389186453665, "yaw": 183.23}', 'poseData'                                                                                                                           )
('{"y": 962.739017327345, "x": -82.23665322231804, "tag": "right"}', 'vizFeed')
('{"y": 943.6264618721415, "x": -29.839624627067025, "yaw": 183.05}', 'poseData'                                                                                                                           )
('{"y": 936.4636810280391, "x": 104.58968382380377, "tag": "left"}', 'vizFeed')
('{"y": 926.3512514064971, "x": -30.554609499418753, "yaw": 182.37}', 'poseData'                                                                                                                           )
('{"y": 930.5526662723696, "x": -132.06770280823693, "tag": "right"}', 'vizFeed'                                                                                                                           )
('{"y": 912.3407572044954, "x": -31.07079959587085, "yaw": 182.11}', 'poseData')
('{"y": 911.2185407893842, "x": -0.6114655532878608, "tag": "left"}', 'vizFeed')
('{"y": 915.987960553607, "x": -130.06363523426555, "tag": "right"}', 'vizFeed')
('{"y": 896.918119320553, "x": -31.547392399833136, "yaw": 181.77}', 'poseData')
('{"y": 892.7600555960292, "x": 103.00837635819076, "tag": "left"}', 'vizFeed')
('{"y": 899.8993725570041, "x": -128.0213398112465, "tag": "right"}', 'vizFeed')
('{"y": 891.5832451079564, "x": 141.09019770480128, "tag": "left"}', 'vizFeed')
('{"y": 899.8209185244659, "x": -125.48255172147245, "tag": "right"}', 'vizFeed'                                                                                                                           )
('{"y": 891.5832451079564, "x": 141.09019770480128, "tag": "left"}', 'vizFeed')
('{"y": 899.8209185244659, "x": -125.48255172147245, "tag": "right"}', 'vizFeed'                                                                                                                           )
('{"y": 892.1324233357237, "x": 123.31868107638303, "tag": "left"}', 'vizFeed')
('{"y": 899.7424644919278, "x": -122.9437636316984, "tag": "right"}', 'vizFeed')
('{"y": 892.681601563491, "x": 105.54716444796478, "tag": "left"}', 'vizFeed')
('{"y": 899.7424644919278, "x": -122.9437636316984, "tag": "right"}', 'vizFeed')
('{"y": 739.6141092033283, "x": -30.174621100583927, "yaw": 179.5}', 'poseData')
('{"y": 892.6031475309528, "x": 108.08595253773879, "tag": "left"}', 'vizFeed')
('{"y": 738.8161547973571, "x": -121.61113934557176, "tag": "right"}', 'vizFeed'                                                                                                                           )
('{"y": 718.8245908258264, "x": -30.033109152271454, "yaw": 179.61}', 'poseData'                                                                                                                           )
('{"y": 720.01753859212, "x": 145.22283076311882, "tag": "left"}', 'vizFeed')
('{"y": 702.7854703092036, "x": -29.865141735046873, "yaw": 179.4}', 'poseData')
('{"y": 701.8013320379588, "x": -123.83998875201772, "tag": "right"}', 'vizFeed'                                                                                                                           )
('{"y": 683.0757056659014, "x": -29.768820887678043, "yaw": 179.72}', 'poseData'                                                                                                                           )
('{"y": 683.6591040808629, "x": 89.60975359823806, "tag": "left"}', 'vizFeed')
('{"y": 668.6859162899042, "x": -29.690963874938035, "yaw": 179.69}', 'poseData'                                                                                                                           )
('{"y": 668.2049233480983, "x": -118.58966266063418, "tag": "right"}', 'vizFeed'                                                                                                                           )
('{"y": 654.5963130889372, "x": -29.58522060419709, "yaw": 179.57}', 'poseData')
('{"y": 655.701926903384, "x": 117.73063060704665, "tag": "left"}', 'vizFeed')
('{"y": 653.9100700316943, "x": -121.02264549393459, "tag": "right"}', 'vizFeed'                                                                                                                           )
('{"y": 637.3471370115752, "x": -29.416624482760046, "yaw": 179.44}', 'poseData'                                                                                                                           )
('{"y": 638.6876960849842, "x": 107.7368242575859, "tag": "left"}', 'vizFeed')
('{"y": 621.0073463128438, "x": -29.33392066394832, "yaw": 179.71}', 'poseData')
('{"y": 620.5573848996025, "x": -118.23278193183293, "tag": "right"}', 'vizFeed'                                                                                                                           )
('{"y": 604.8377603131092, "x": -29.21821155803846, "yaw": 179.59}', 'poseData')
('{"y": 606.1100595728973, "x": 148.57723623124986, "tag": "left"}', 'vizFeed')
('{"y": 589.2378068829973, "x": -29.180093605105476, "yaw": 179.86}', 'poseData'                                                                                                                           )
('{"y": 589.1633302672667, "x": -59.660002614708986, "tag": "right"}', 'vizFeed'                                                                                                                           )
('{"y": 573.3379240935441, "x": -29.11904213788952, "yaw": 179.78}', 'poseData')
('{"y": 573.8450736400777, "x": 102.95998420368167, "tag": "left"}', 'vizFeed')
('{"y": 557.5681260936055, "x": -29.039223336013084, "yaw": 179.71}', 'poseData'                                                                                                                           )
('{"y": 557.1310207207426, "x": -115.39811713910098, "tag": "right"}', 'vizFeed'                                                                                                                           )
('{"y": 558.1723599913867, "x": 90.33924750943196, "tag": "left"}', 'vizFeed')
('{"y": 542.0781864906713, "x": -29.08247951997435, "yaw": 180.16}', 'poseData')
('{"y": 542.3193487919557, "x": -115.4421427936604, "tag": "right"}', 'vizFeed')
('{"y": 526.6581864906715, "x": -29.082479519974346, "yaw": 180.0}', 'poseData')
('{"y": 526.6581864906715, "x": -115.44247951997434, "tag": "right"}', 'vizFeed'                                                                                                                           )
('{"y": 510.07829785532454, "x": -29.021710782136054, "yaw": 179.79}', 'poseData                                                                                                                           ')
('{"y": 510.73927699777073, "x": 151.31707790896405, "tag": "left"}', 'vizFeed')
('{"y": 495.5109343335506, "x": -28.74454652670611, "yaw": 178.91}', 'poseData')
('{"y": 493.86811311879904, "x": -115.08891946702204, "tag": "right"}', 'vizFeed                                                                                                                           ')
('{"y": 475.31654124314696, "x": -28.268639277067184, "yaw": 178.65}', 'poseData                                                                                                                           ')
('{"y": 478.30863137701544, "x": 98.69610936061889, "tag": "left"}', 'vizFeed')
('{"y": 464.32056613610274, "x": -27.971096935098533, "yaw": 178.45}', 'poseData                                                                                                                           ')
('{"y": 472.98056336565486, "x": -114.60466835069371, "tag": "right"}', 'vizFeed                                                                                                                           ')
('{"y": 467.06877540374046, "x": 73.5917276899643, "tag": "left"}', 'vizFeed')
('{"y": 448.7364186571625, "x": -27.543958369012742, "yaw": 178.43}', 'poseData'                                                                                                                           )
('{"y": 446.3703066259137, "x": -113.8715386308015, "tag": "right"}', 'vizFeed')
('{"y": 427.8407018947943, "x": -27.12084965143925, "yaw": 178.84}', 'poseData')
('{"y": 430.8231122427812, "x": 120.1689586467462, "tag": "left"}', 'vizFeed')
('{"y": 446.3703066259137, "x": -113.8715386308015, "tag": "right"}', 'vizFeed')
('{"y": 426.0923923804571, "x": -113.46315106761693, "tag": "right"}', 'vizFeed'                                                                                                                           )
('{"y": 386.13939793544836, "x": -26.26917595205514, "yaw": 178.83}', 'poseData'                                                                                                                           )
('{"y": 389.8217483297646, "x": 154.03322529533114, "tag": "left"}', 'vizFeed')
('{"y": 370.4427273897319, "x": -25.945859111730044, "yaw": 178.82}', 'poseData'                                                                                                                           )
('{"y": 368.66427883365066, "x": -112.28754499249898, "tag": "right"}', 'vizFeed                                                                                                                           ')
('{"y": 354.3746660954759, "x": -25.69624692445301, "yaw": 179.11}', 'poseData')
('{"y": 356.2684257639772, "x": 96.2090444878477, "tag": "left"}', 'vizFeed')
('{"y": 353.03325299695416, "x": -112.04582834149934, "tag": "right"}', 'vizFeed                                                                                                                           ')
('{"y": 337.9478613474567, "x": -25.37223184695078, "yaw": 178.87}', 'poseData')
('{"y": 340.4023297921267, "x": 99.06356358448492, "tag": "left"}', 'vizFeed')
('{"y": 322.0686198339199, "x": -25.217025678346705, "yaw": 179.44}', 'poseData'                                                                                                                           )
('{"y": 321.22456412103276, "x": -111.57290081115711, "tag": "right"}', 'vizFeed                                                                                                                           ')
('{"y": 306.45995718048977, "x": -25.012697091478017, "yaw": 179.25}', 'poseData                                                                                                                           ')
('{"y": 308.05584067254813, "x": 96.89685772634492, "tag": "left"}', 'vizFeed')
('{"y": 290.5818729643862, "x": -24.766036137280178, "yaw": 179.11}', 'poseData'                                                                                                                           )
('{"y": 289.24045986586447, "x": -111.11561755432652, "tag": "right"}', 'vizFeed                                                                                                                           ')
('{"y": 274.7321201668722, "x": -24.677513497832553, "yaw": 179.68}', 'poseData'                                                                                                                           )
('{"y": 275.4839761745971, "x": 109.94038691865607, "tag": "left"}', 'vizFeed')
('{"y": 258.7927516337002, "x": -24.535630575225667, "yaw": 179.49}', 'poseData'                                                                                                                           )
('{"y": 258.04666464669214, "x": -108.35231002632189, "tag": "right"}', 'vizFeed                                                                                                                           ')
('{"y": 238.153254615941, "x": -24.391537362675738, "yaw": 179.6}', 'poseData')
('{"y": 239.14626908072307, "x": 117.84499634885961, "tag": "left"}', 'vizFeed')
('{"y": 226.76349210871612, "x": -24.317984463230125, "yaw": 179.63}', 'poseData                                                                                                                           ')
('{"y": 226.22220992859923, "x": -108.13623673325475, "tag": "right"}', 'vizFeed                                                                                                                           ')
('{"y": 210.7540307620498, "x": -24.1866551458749, "yaw": 179.53}', 'poseData')
('{"y": 211.98332567140983, "x": 125.66830284359511, "tag": "left"}', 'vizFeed')
('{"y": 195.4676113854369, "x": -23.855773532132925, "yaw": 178.76}', 'poseData'                                                                                                                           )
('{"y": 193.65371361801687, "x": -107.65614450320528, "tag": "right"}', 'vizFeed                                                                                                                           ')
('{"y": 179.48810424627314, "x": -23.730268195931323, "yaw": 179.55}', 'poseData                                                                                                                           ')
('{"y": 179.70754223710372, "x": 4.208870068664101, "tag": "left"}', 'vizFeed')
('{"y": 158.67889662730778, "x": -23.54866899221016, "yaw": 179.5}', 'poseData')
('{"y": 157.96960382199995, "x": -104.82557409886601, "tag": "right"}', 'vizFeed                                                                                                                           ')
('{"y": 147.55015037068694, "x": -23.381615839740522, "yaw": 179.14}', 'poseData                                                                                                                           ')
('{"y": 149.64694510563825, "x": 116.30264759690964, "tag": "left"}', 'vizFeed')
('{"y": 126.60162581048758, "x": -23.132982071486165, "yaw": 179.32}', 'poseData                                                                                                                           ')
('{"y": 125.63699799742244, "x": -104.40725778762074, "tag": "right"}', 'vizFeed                                                                                                                           ')
('{"y": 114.12323462378949, "x": -22.932598959083865, "yaw": 179.08}', 'poseData                                                                                                                           ')
('{"y": 117.05961792476161, "x": 159.92382573829934, "tag": "left"}', 'vizFeed')
('{"y": 92.11645410834099, "x": -22.556153285864035, "yaw": 179.02}', 'poseData'                                                                                                                           )
('{"y": 90.72629035008077, "x": -103.82426415799654, "tag": "right"}', 'vizFeed'                                                                                                                           )
('{"y": 94.50579806785073, "x": 117.12341227561367, "tag": "left"}', 'vizFeed')
('{"y": 75.56928629635875, "x": -22.249987641008037, "yaw": 178.94}', 'poseData'                                                                                                                           )
('{"y": 74.01866367691281, "x": -106.05564359269223, "tag": "right"}', 'vizFeed'                                                                                                                           )
('{"y": 61.35017341104305, "x": -22.091152019511654, "yaw": 179.36}', 'poseData'                                                                                                                           )
('{"y": 63.33617717349429, "x": 155.69775592768156, "tag": "left"}', 'vizFeed')
('{"y": 45.392555824922965, "x": -21.815396738234988, "yaw": 179.01}', 'poseData                                                                                                                           ')
('{"y": 43.944322261225594, "x": -105.62288458714369, "tag": "right"}', 'vizFeed                                                                                                                           ')
('{"y": 48.6401098768504, "x": 166.116545710833, "tag": "left"}', 'vizFeed')
('{"y": 30.45456640466737, "x": -21.570300674754638, "yaw": 179.06}', 'poseData'                                                                                                                           )
('{"y": 29.07946921317321, "x": -105.37902043418029, "tag": "right"}', 'vizFeed'                                                                                                                           )
('{"y": 16.56651606650602, "x": -21.337582380044484, "yaw": 179.04}', 'poseData'                                                                                                                           )
('{"y": 18.73687804611392, "x": 108.18423481257163, "tag": "left"}', 'vizFeed')
('{"y": 5.448142630259655, "x": -21.147392653274633, "yaw": 179.02}', 'poseData'                                                                                                                           )
('{"y": 4.014536254553804, "x": -104.95513199016126, "tag": "right"}', 'vizFeed'                                                                                                                           )
('{"y": -2.2513309161147115, "x": -21.057353169238237, "yaw": 179.33}', 'poseDat                                                                                                                           a')
('{"y": -0.08313336676041772, "x": 164.34996955396753, "tag": "left"}', 'vizFeed                                                                                                                           ')
('{"y": -3.201773677475498, "x": -102.33179600680789, "tag": "right"}', 'vizFeed                                                                                                                           ')
('{"y": -0.08313336676041772, "x": 164.34996955396753, "tag": "left"}', 'vizFeed                                                                                                                           ')
('{"y": -3.201773677475498, "x": -102.33179600680789, "tag": "right"}', 'vizFeed                                                                                                                           ')
('{"y": -0.08313336676041772, "x": 164.34996955396753, "tag": "left"}', 'vizFeed                                                                                                                           ')
('{"y": -24.533128850805088, "x": 101.99365397987359, "tag": "right"}', 'vizFeed                                                                                                                           ')
('{"y": 22.177985239732028, "x": -100.98080308411468, "tag": "left"}', 'vizFeed'                                                                                                                           )
('{"y": 3.3796100569548964, "x": -19.2959606071438, "yaw": 12.97}', 'poseData')
('{"y": -38.236211341076896, "x": 161.39355156599566, "tag": "right"}', 'vizFeed                                                                                                                           ')
('{"y": 3.3796100569548964, "x": -19.2959606071438, "yaw": 12.97}', 'poseData')
('{"y": 22.19224164784598, "x": -100.9775209045904, "tag": "left"}', 'vizFeed')
('{"y": 3.3796100569548964, "x": -19.2959606071438, "yaw": 12.98}', 'poseData')
('{"y": -24.575465211864376, "x": 101.98390320674184, "tag": "right"}', 'vizFeed                                                                                                                           ')
('{"y": 3.3796100569548964, "x": -19.2959606071438, "yaw": 12.99}', 'poseData')
('{"y": -4.419528465469005, "x": -206.464675892444, "tag": "right"}', 'vizFeed')
('{"y": -1.2711868184614006, "x": 62.75691600700546, "tag": "left"}', 'vizFeed')
('{"y": 3.3796100569548964, "x": -19.2959606071438, "yaw": 12.96}', 'poseData')
('{"y": 3.3796100569548964, "x": -19.2959606071438, "yaw": 17.37}', 'poseData')
('{"y": -51.975882970768886, "x": 157.66828943126825, "tag": "right"}', 'vizFeed                                                                                                                           ')
('{"y": 3.3796100569548964, "x": -19.2959606071438, "yaw": 12.96}', 'poseData')
('{"y": 22.177985239732028, "x": -100.98080308411468, "tag": "left"}', 'vizFeed'                                                                                                                           )
('{"y": -0.8553681103660564, "x": 98.31448474844218, "tag": "left"}', 'vizFeed')
('{"y": -3.2314750137680224, "x": -104.87162234548194, "tag": "right"}', 'vizFee                                                                                                                           d')
('{"y": -0.08313336676041772, "x": 164.34996955396753, "tag": "left"}', 'vizFeed                                                                                                                           ')
('{"y": -3.201773677475498, "x": -102.33179600680789, "tag": "right"}', 'vizFeed                                                                                                                           ')
('{"y": -0.08313336676041772, "x": 164.34996955396753, "tag": "left"}', 'vizFeed                                                                                                                           ')
('{"y": -3.201773677475498, "x": -102.33179600680789, "tag": "right"}', 'vizFeed                                                                                                                           ')

